0041f7a0 R
13f5e2c0 W
05e78900 R
004758a0 R
13f5e2c0 W
31348900 W
004a30e0 R
13f5e2c0 R
004758a0 R
0049e120 R
004758a0 W
004c2600 R
3305a5e0 W
05e06600 W
0044e4f8 R
0044e500 R
0041f7a0 W